================================================================================
                              农田水热盐运移数值模型                 
                                    FIRI-WHS                                    
                            中国农业科学院农田灌溉研究所          
================================================================================

项目名称: This is a demo of inversing root water uptake.
应力期数量:            1

        IOBS        CELL       DEPTH      PERIOD      PERLEN        TIME        HEAD       MOIST
           1          10        9.50           1      1.0000      1.0000  -8.713E+01      0.2535
           2          20       19.50           1      1.0000      1.0000  -2.046E+02      0.1913
           3          30       29.50           1      1.0000      1.0000  -2.090E+02      0.1900
           4          45       44.50           1      1.0000      1.0000  -2.090E+02      0.1900
           5          60       59.50           1      1.0000      1.0000  -2.090E+02      0.1900
