================================================================================
                              农田水热盐运移数值模型
                                    FIRI-WHS
                            中国农业科学院农田灌溉研究所
================================================================================

项目名称: This is a demo of inversing root water uptake.
应力期数量:            1

      PERIOD      PERLEN        TIME     STORAGE        WBOT      C_WBOT        WTOP      C_WTOP
           1      1.0000      1.0000     20.1162  -4.162E-03  -4.162E-03   1.120E+00   1.120E+00
